// Jest Snapshot v1, https://goo.gl/fbAQLP

exports[`should render hello 1`] = `
<DocumentFragment>
  <h1>
    Hello World
  </h1>
</DocumentFragment>
`;
